[     859ms] [INFO] %cDownload the React DevTools for a better development experience: https://react.dev/link/react-devtools font-weight:bold @ http://localhost:3010/_next/static/chunks/node_modules_next_dist_1e8vcs8._.js:776
[     882ms] [LOG] [HMR] connected @ http://localhost:3010/_next/static/chunks/node_modules_next_dist_1e8vcs8._.js:776
[   64453ms] [ERROR] IntlError: MISSING_MESSAGE: Could not resolve `Admin.requests` in messages for locale `en`.
    at getFallbackFromErrorAndNotify (http://localhost:3010/_next/static/chunks/node_modules_113n4rh._.js:5674:23)
    at translateBaseFn (http://localhost:3010/_next/static/chunks/node_modules_113n4rh._.js:5704:28)
    at translateFn (http://localhost:3010/_next/static/chunks/node_modules_113n4rh._.js:5732:24)
    at http://localhost:3010/_next/static/chunks/src_1rfyfi_._.js:132:27
    at Array.map (<anonymous>)
    at AdminNav (http://localhost:3010/_next/static/chunks/src_1rfyfi_._.js:125:28)
    at Object.react_stack_bottom_frame (http://localhost:3010/_next/static/chunks/node_modules_next_dist_compiled_react-dom_096_9a-._.js:14894:24)
    at renderWithHooks (http://localhost:3010/_next/static/chunks/node_modules_next_dist_compiled_react-dom_096_9a-._.js:4425:24)
    at updateFunctionComponent (http://localhost:3010/_next/static/chunks/node_modules_next_dist_compiled_react-dom_096_9a-._.js:5892:21)
    at beginWork (http://localhost:3010/_next/static/chunks/node_modules_next_dist_compiled_react-dom_096_9a-._.js:6493:540)
    at runWithFiberInDEV (http://localhost:3010/_next/static/chunks/node_modules_next_dist_compiled_react-dom_096_9a-._.js:761:74)
    at performUnitOfWork (http://localhost:3010/_next/static/chunks/node_modules_next_dist_compiled_react-dom_096_9a-._.js:9385:97)
    at workLoopConcurrentByScheduler (http://localhost:3010/_next/static/chunks/node_modules_next_dist_compiled_react-dom_096_9a-._.js:9381:58)
    at renderRootConcurrent (http://localhost:3010/_next/static/chunks/node_modules_next_dist_compiled_react-dom_096_9a-._.js:9364:71)
    at performWorkOnRoot (http://localhost:3010/_next/static/chunks/node_modules_next_dist_compiled_react-dom_096_9a-._.js:8891:150)
    at performWorkOnRootViaSchedulerTask (http://localhost:3010/_next/static/chunks/node_modules_next_dist_compiled_react-dom_096_9a-._.js:10085:9)
    at MessagePort.performWorkUntilDeadline (http://localhost:3010/_next/static/chunks/node_modules_next_dist_compiled_1amofcm._.js:2647:64) @ http://localhost:3010/_next/static/chunks/node_modules_next_dist_1e8vcs8._.js:1052
[   64454ms] [ERROR] IntlError: MISSING_MESSAGE: Could not resolve `Admin.requests` in messages for locale `en`.
    at getFallbackFromErrorAndNotify (http://localhost:3010/_next/static/chunks/node_modules_113n4rh._.js:5674:23)
    at translateBaseFn (http://localhost:3010/_next/static/chunks/node_modules_113n4rh._.js:5704:28)
    at translateFn (http://localhost:3010/_next/static/chunks/node_modules_113n4rh._.js:5732:24)
    at http://localhost:3010/_next/static/chunks/src_1rfyfi_._.js:132:27
    at Array.map (<anonymous>)
    at AdminNav (http://localhost:3010/_next/static/chunks/src_1rfyfi_._.js:125:28)
    at Object.react_stack_bottom_frame (http://localhost:3010/_next/static/chunks/node_modules_next_dist_compiled_react-dom_096_9a-._.js:14894:24)
    at renderWithHooksAgain (http://localhost:3010/_next/static/chunks/node_modules_next_dist_compiled_react-dom_096_9a-._.js:4480:24)
    at renderWithHooks (http://localhost:3010/_next/static/chunks/node_modules_next_dist_compiled_react-dom_096_9a-._.js:4431:28)
    at updateFunctionComponent (http://localhost:3010/_next/static/chunks/node_modules_next_dist_compiled_react-dom_096_9a-._.js:5892:21)
    at beginWork (http://localhost:3010/_next/static/chunks/node_modules_next_dist_compiled_react-dom_096_9a-._.js:6493:540)
    at runWithFiberInDEV (http://localhost:3010/_next/static/chunks/node_modules_next_dist_compiled_react-dom_096_9a-._.js:761:74)
    at performUnitOfWork (http://localhost:3010/_next/static/chunks/node_modules_next_dist_compiled_react-dom_096_9a-._.js:9385:97)
    at workLoopConcurrentByScheduler (http://localhost:3010/_next/static/chunks/node_modules_next_dist_compiled_react-dom_096_9a-._.js:9381:58)
    at renderRootConcurrent (http://localhost:3010/_next/static/chunks/node_modules_next_dist_compiled_react-dom_096_9a-._.js:9364:71)
    at performWorkOnRoot (http://localhost:3010/_next/static/chunks/node_modules_next_dist_compiled_react-dom_096_9a-._.js:8891:150)
    at performWorkOnRootViaSchedulerTask (http://localhost:3010/_next/static/chunks/node_modules_next_dist_compiled_react-dom_096_9a-._.js:10085:9)
    at MessagePort.performWorkUntilDeadline (http://localhost:3010/_next/static/chunks/node_modules_next_dist_compiled_1amofcm._.js:2647:64) @ http://localhost:3010/_next/static/chunks/node_modules_next_dist_1e8vcs8._.js:1052
[   64467ms] [WARNING] Detected `scroll-behavior: smooth` on the `<html>` element. To disable smooth scrolling during route transitions, add `data-scroll-behavior="smooth"` to your <html> element. Learn more: https://nextjs.org/docs/messages/missing-data-scroll-behavior @ http://localhost:3010/_next/static/chunks/node_modules_next_dist_1e8vcs8._.js:776
