[    6028ms] [WARNING] The resource http://localhost:3010/images/gallery-2.png was preloaded using link preload but not used within a few seconds from the window's load event. Please make sure it has an appropriate `as` value and it is preloaded intentionally. @ http://localhost:3010/en:0
[    9218ms] [WARNING] The resource http://localhost:3010/images/gallery-2.png was preloaded using link preload but not used within a few seconds from the window's load event. Please make sure it has an appropriate `as` value and it is preloaded intentionally. @ http://localhost:3010/en:0
[   19645ms] [WARNING] The resource http://localhost:3010/images/gallery-2.png was preloaded using link preload but not used within a few seconds from the window's load event. Please make sure it has an appropriate `as` value and it is preloaded intentionally. @ http://localhost:3010/en/book-online:0
[  189017ms] [ERROR] c: MISSING_MESSAGE: Nav.clinic (en)
    at p (http://localhost:3010/_next/static/chunks/0zu4e56juudnh.js:3:7920)
    at m (http://localhost:3010/_next/static/chunks/0zu4e56juudnh.js:3:8107)
    at g (http://localhost:3010/_next/static/chunks/0zu4e56juudnh.js:3:8564)
    at s (http://localhost:3010/_next/static/chunks/098j5a3zw3dii.js:1:6885)
    at aS (http://localhost:3010/_next/static/chunks/27t_qfc-3_lzs.js:1:79321)
    at o1 (http://localhost:3010/_next/static/chunks/27t_qfc-3_lzs.js:1:99614)
    at id (http://localhost:3010/_next/static/chunks/27t_qfc-3_lzs.js:1:111303)
    at sh (http://localhost:3010/_next/static/chunks/27t_qfc-3_lzs.js:1:154687)
    at http://localhost:3010/_next/static/chunks/27t_qfc-3_lzs.js:1:154532
    at sm (http://localhost:3010/_next/static/chunks/27t_qfc-3_lzs.js:1:154540) @ http://localhost:3010/_next/static/chunks/0zu4e56juudnh.js:2
[  190144ms] [ERROR] c: MISSING_MESSAGE: Nav.clinic (en)
    at p (http://localhost:3010/_next/static/chunks/0zu4e56juudnh.js:3:7920)
    at m (http://localhost:3010/_next/static/chunks/0zu4e56juudnh.js:3:8107)
    at g (http://localhost:3010/_next/static/chunks/0zu4e56juudnh.js:3:8564)
    at s (http://localhost:3010/_next/static/chunks/098j5a3zw3dii.js:1:6885)
    at aS (http://localhost:3010/_next/static/chunks/27t_qfc-3_lzs.js:1:79321)
    at o1 (http://localhost:3010/_next/static/chunks/27t_qfc-3_lzs.js:1:99614)
    at id (http://localhost:3010/_next/static/chunks/27t_qfc-3_lzs.js:1:111303)
    at sh (http://localhost:3010/_next/static/chunks/27t_qfc-3_lzs.js:1:154687)
    at http://localhost:3010/_next/static/chunks/27t_qfc-3_lzs.js:1:154532
    at sm (http://localhost:3010/_next/static/chunks/27t_qfc-3_lzs.js:1:154540) @ http://localhost:3010/_next/static/chunks/0zu4e56juudnh.js:2
[  193817ms] [ERROR] c: MISSING_MESSAGE: Nav.clinic (en)
    at p (http://localhost:3010/_next/static/chunks/0zu4e56juudnh.js:3:7920)
    at m (http://localhost:3010/_next/static/chunks/0zu4e56juudnh.js:3:8107)
    at g (http://localhost:3010/_next/static/chunks/0zu4e56juudnh.js:3:8564)
    at s (http://localhost:3010/_next/static/chunks/098j5a3zw3dii.js:1:6885)
    at aS (http://localhost:3010/_next/static/chunks/27t_qfc-3_lzs.js:1:79321)
    at o1 (http://localhost:3010/_next/static/chunks/27t_qfc-3_lzs.js:1:99614)
    at id (http://localhost:3010/_next/static/chunks/27t_qfc-3_lzs.js:1:111303)
    at sh (http://localhost:3010/_next/static/chunks/27t_qfc-3_lzs.js:1:154687)
    at http://localhost:3010/_next/static/chunks/27t_qfc-3_lzs.js:1:154532
    at sm (http://localhost:3010/_next/static/chunks/27t_qfc-3_lzs.js:1:154540) @ http://localhost:3010/_next/static/chunks/0zu4e56juudnh.js:2
[  194308ms] [ERROR] c: MISSING_MESSAGE: Nav.clinic (en)
    at p (http://localhost:3010/_next/static/chunks/0zu4e56juudnh.js:3:7920)
    at m (http://localhost:3010/_next/static/chunks/0zu4e56juudnh.js:3:8107)
    at g (http://localhost:3010/_next/static/chunks/0zu4e56juudnh.js:3:8564)
    at s (http://localhost:3010/_next/static/chunks/098j5a3zw3dii.js:1:6885)
    at aS (http://localhost:3010/_next/static/chunks/27t_qfc-3_lzs.js:1:79321)
    at o1 (http://localhost:3010/_next/static/chunks/27t_qfc-3_lzs.js:1:99614)
    at id (http://localhost:3010/_next/static/chunks/27t_qfc-3_lzs.js:1:111303)
    at sh (http://localhost:3010/_next/static/chunks/27t_qfc-3_lzs.js:1:154687)
    at http://localhost:3010/_next/static/chunks/27t_qfc-3_lzs.js:1:154532
    at sm (http://localhost:3010/_next/static/chunks/27t_qfc-3_lzs.js:1:154540) @ http://localhost:3010/_next/static/chunks/0zu4e56juudnh.js:2
[  194531ms] [ERROR] c: MISSING_MESSAGE: Nav.clinic (en)
    at p (http://localhost:3010/_next/static/chunks/0zu4e56juudnh.js:3:7920)
    at m (http://localhost:3010/_next/static/chunks/0zu4e56juudnh.js:3:8107)
    at g (http://localhost:3010/_next/static/chunks/0zu4e56juudnh.js:3:8564)
    at s (http://localhost:3010/_next/static/chunks/098j5a3zw3dii.js:1:6885)
    at aS (http://localhost:3010/_next/static/chunks/27t_qfc-3_lzs.js:1:79321)
    at o1 (http://localhost:3010/_next/static/chunks/27t_qfc-3_lzs.js:1:99614)
    at id (http://localhost:3010/_next/static/chunks/27t_qfc-3_lzs.js:1:111303)
    at sh (http://localhost:3010/_next/static/chunks/27t_qfc-3_lzs.js:1:154687)
    at http://localhost:3010/_next/static/chunks/27t_qfc-3_lzs.js:1:154532
    at sm (http://localhost:3010/_next/static/chunks/27t_qfc-3_lzs.js:1:154540) @ http://localhost:3010/_next/static/chunks/0zu4e56juudnh.js:2
[  196680ms] [ERROR] c: MISSING_MESSAGE: Nav.clinic (en)
    at p (http://localhost:3010/_next/static/chunks/0zu4e56juudnh.js:3:7920)
    at m (http://localhost:3010/_next/static/chunks/0zu4e56juudnh.js:3:8107)
    at g (http://localhost:3010/_next/static/chunks/0zu4e56juudnh.js:3:8564)
    at s (http://localhost:3010/_next/static/chunks/098j5a3zw3dii.js:1:6885)
    at aS (http://localhost:3010/_next/static/chunks/27t_qfc-3_lzs.js:1:79321)
    at o1 (http://localhost:3010/_next/static/chunks/27t_qfc-3_lzs.js:1:99614)
    at id (http://localhost:3010/_next/static/chunks/27t_qfc-3_lzs.js:1:111303)
    at sh (http://localhost:3010/_next/static/chunks/27t_qfc-3_lzs.js:1:154687)
    at http://localhost:3010/_next/static/chunks/27t_qfc-3_lzs.js:1:154532
    at sm (http://localhost:3010/_next/static/chunks/27t_qfc-3_lzs.js:1:154540) @ http://localhost:3010/_next/static/chunks/0zu4e56juudnh.js:2
[  196865ms] [WARNING] The resource http://localhost:3010/images/gallery-2.png was preloaded using link preload but not used within a few seconds from the window's load event. Please make sure it has an appropriate `as` value and it is preloaded intentionally. @ http://localhost:3010/en:0
[  198280ms] [ERROR] c: MISSING_MESSAGE: Nav.clinic (en)
    at p (http://localhost:3010/_next/static/chunks/0zu4e56juudnh.js:3:7920)
    at m (http://localhost:3010/_next/static/chunks/0zu4e56juudnh.js:3:8107)
    at g (http://localhost:3010/_next/static/chunks/0zu4e56juudnh.js:3:8564)
    at s (http://localhost:3010/_next/static/chunks/098j5a3zw3dii.js:1:6885)
    at aS (http://localhost:3010/_next/static/chunks/27t_qfc-3_lzs.js:1:79321)
    at o1 (http://localhost:3010/_next/static/chunks/27t_qfc-3_lzs.js:1:99614)
    at id (http://localhost:3010/_next/static/chunks/27t_qfc-3_lzs.js:1:111303)
    at sh (http://localhost:3010/_next/static/chunks/27t_qfc-3_lzs.js:1:154687)
    at http://localhost:3010/_next/static/chunks/27t_qfc-3_lzs.js:1:154532
    at sm (http://localhost:3010/_next/static/chunks/27t_qfc-3_lzs.js:1:154540) @ http://localhost:3010/_next/static/chunks/0zu4e56juudnh.js:2
[  198952ms] [ERROR] c: MISSING_MESSAGE: Nav.clinic (en)
    at p (http://localhost:3010/_next/static/chunks/0zu4e56juudnh.js:3:7920)
    at m (http://localhost:3010/_next/static/chunks/0zu4e56juudnh.js:3:8107)
    at g (http://localhost:3010/_next/static/chunks/0zu4e56juudnh.js:3:8564)
    at s (http://localhost:3010/_next/static/chunks/098j5a3zw3dii.js:1:6885)
    at aS (http://localhost:3010/_next/static/chunks/27t_qfc-3_lzs.js:1:79321)
    at o1 (http://localhost:3010/_next/static/chunks/27t_qfc-3_lzs.js:1:99614)
    at id (http://localhost:3010/_next/static/chunks/27t_qfc-3_lzs.js:1:111303)
    at sh (http://localhost:3010/_next/static/chunks/27t_qfc-3_lzs.js:1:154687)
    at http://localhost:3010/_next/static/chunks/27t_qfc-3_lzs.js:1:154532
    at sm (http://localhost:3010/_next/static/chunks/27t_qfc-3_lzs.js:1:154540) @ http://localhost:3010/_next/static/chunks/0zu4e56juudnh.js:2
