[     316ms] [LOG] [Fast Refresh] rebuilding @ http://localhost:3010/_next/static/chunks/node_modules_next_dist_1e8vcs8._.js:776
[     317ms] [LOG] [Fast Refresh] done in 110ms @ http://localhost:3010/_next/static/chunks/node_modules_next_dist_1e8vcs8._.js:776
[     659ms] [INFO] %cDownload the React DevTools for a better development experience: https://react.dev/link/react-devtools font-weight:bold @ http://localhost:3010/_next/static/chunks/node_modules_next_dist_1e8vcs8._.js:776
[     672ms] [LOG] [HMR] connected @ http://localhost:3010/_next/static/chunks/node_modules_next_dist_1e8vcs8._.js:776
[   98828ms] [ERROR] Failed to load resource: the server responded with a status of 404 (Not Found) @ http://localhost:3010/en/en/admin?_rsc=4hsHcJVa-xjb-zEw:0
[   98847ms] [ERROR] Failed to load resource: the server responded with a status of 404 (Not Found) @ http://localhost:3010/en/en/admin?_rsc=SYKx2Zmk26cd1rFb:0
[   98884ms] [ERROR] Failed to load resource: the server responded with a status of 404 (Not Found) @ http://localhost:3010/en/en/admin:0
[   98908ms] [INFO] %cDownload the React DevTools for a better development experience: https://react.dev/link/react-devtools font-weight:bold @ http://localhost:3010/_next/static/chunks/node_modules_next_dist_1e8vcs8._.js:776
[   98922ms] [LOG] [HMR] connected @ http://localhost:3010/_next/static/chunks/node_modules_next_dist_1e8vcs8._.js:776
[ 2425911ms] [ERROR] Failed to load resource: the server responded with a status of 404 (Not Found) @ http://localhost:3010/en/en/admin?_rsc=7TmJZH1YHwSue7fr:0
[ 2425950ms] [ERROR] Failed to load resource: the server responded with a status of 404 (Not Found) @ http://localhost:3010/en/en/admin:0
[ 2425975ms] [INFO] %cDownload the React DevTools for a better development experience: https://react.dev/link/react-devtools font-weight:bold @ http://localhost:3010/_next/static/chunks/node_modules_next_dist_1e8vcs8._.js:776
[ 2425984ms] [LOG] [HMR] connected @ http://localhost:3010/_next/static/chunks/node_modules_next_dist_1e8vcs8._.js:776
[ 2481810ms] [ERROR] Failed to load resource: the server responded with a status of 404 (Not Found) @ http://localhost:3010/en/en/admin?_rsc=7TmJZH1YHwSue7fr:0
[ 2481847ms] [ERROR] Failed to load resource: the server responded with a status of 404 (Not Found) @ http://localhost:3010/en/en/admin:0
[ 2481868ms] [INFO] %cDownload the React DevTools for a better development experience: https://react.dev/link/react-devtools font-weight:bold @ http://localhost:3010/_next/static/chunks/node_modules_next_dist_1e8vcs8._.js:776
[ 2481876ms] [LOG] [HMR] connected @ http://localhost:3010/_next/static/chunks/node_modules_next_dist_1e8vcs8._.js:776
[ 2499655ms] [ERROR] Failed to load resource: the server responded with a status of 404 (Not Found) @ http://localhost:3010/en/en/admin?_rsc=7TmJZH1YHwSue7fr:0
[ 2499687ms] [ERROR] Failed to load resource: the server responded with a status of 404 (Not Found) @ http://localhost:3010/en/en/admin:0
[ 2499701ms] [INFO] %cDownload the React DevTools for a better development experience: https://react.dev/link/react-devtools font-weight:bold @ http://localhost:3010/_next/static/chunks/node_modules_next_dist_1e8vcs8._.js:776
[ 2499710ms] [LOG] [HMR] connected @ http://localhost:3010/_next/static/chunks/node_modules_next_dist_1e8vcs8._.js:776
[ 2506836ms] [ERROR] Failed to load resource: the server responded with a status of 404 (Not Found) @ http://localhost:3010/en/en/admin?_rsc=7TmJZH1YHwSue7fr:0
[ 2506877ms] [ERROR] Failed to load resource: the server responded with a status of 404 (Not Found) @ http://localhost:3010/en/en/admin:0
[ 2506906ms] [INFO] %cDownload the React DevTools for a better development experience: https://react.dev/link/react-devtools font-weight:bold @ http://localhost:3010/_next/static/chunks/node_modules_next_dist_1e8vcs8._.js:776
[ 2506914ms] [LOG] [HMR] connected @ http://localhost:3010/_next/static/chunks/node_modules_next_dist_1e8vcs8._.js:776
[ 2587566ms] [ERROR] Failed to load resource: the server responded with a status of 404 (Not Found) @ http://localhost:3010/en/en/admin?_rsc=7TmJZH1YHwSue7fr:0
[ 2587600ms] [ERROR] Failed to load resource: the server responded with a status of 404 (Not Found) @ http://localhost:3010/en/en/admin:0
[ 2587631ms] [INFO] %cDownload the React DevTools for a better development experience: https://react.dev/link/react-devtools font-weight:bold @ http://localhost:3010/_next/static/chunks/node_modules_next_dist_1e8vcs8._.js:776
[ 2587642ms] [LOG] [HMR] connected @ http://localhost:3010/_next/static/chunks/node_modules_next_dist_1e8vcs8._.js:776
