[     575ms] [INFO] %cDownload the React DevTools for a better development experience: https://react.dev/link/react-devtools font-weight:bold @ http://localhost:3010/_next/static/chunks/node_modules_next_dist_1e8vcs8._.js:776
[     587ms] [LOG] [HMR] connected @ http://localhost:3010/_next/static/chunks/node_modules_next_dist_1e8vcs8._.js:776
[   38102ms] [ERROR] IntlError: MISSING_MESSAGE: Could not resolve `Admin.description` in messages for locale `en`.
    at getFallbackFromErrorAndNotify (http://localhost:3010/_next/static/chunks/node_modules_113n4rh._.js:5674:23)
    at translateBaseFn (http://localhost:3010/_next/static/chunks/node_modules_113n4rh._.js:5704:28)
    at translateFn (http://localhost:3010/_next/static/chunks/node_modules_113n4rh._.js:5732:24)
    at ServiceFormDialog (http://localhost:3010/_next/static/chunks/src_0i2r-z0._.js:907:32)
    at Object.react_stack_bottom_frame (http://localhost:3010/_next/static/chunks/node_modules_next_dist_compiled_react-dom_096_9a-._.js:14894:24)
    at renderWithHooks (http://localhost:3010/_next/static/chunks/node_modules_next_dist_compiled_react-dom_096_9a-._.js:4425:24)
    at updateFunctionComponent (http://localhost:3010/_next/static/chunks/node_modules_next_dist_compiled_react-dom_096_9a-._.js:5892:21)
    at beginWork (http://localhost:3010/_next/static/chunks/node_modules_next_dist_compiled_react-dom_096_9a-._.js:6518:24)
    at runWithFiberInDEV (http://localhost:3010/_next/static/chunks/node_modules_next_dist_compiled_react-dom_096_9a-._.js:761:74)
    at performUnitOfWork (http://localhost:3010/_next/static/chunks/node_modules_next_dist_compiled_react-dom_096_9a-._.js:9385:97)
    at workLoopSync (http://localhost:3010/_next/static/chunks/node_modules_next_dist_compiled_react-dom_096_9a-._.js:9279:40)
    at renderRootSync (http://localhost:3010/_next/static/chunks/node_modules_next_dist_compiled_react-dom_096_9a-._.js:9263:13)
    at performWorkOnRoot (http://localhost:3010/_next/static/chunks/node_modules_next_dist_compiled_react-dom_096_9a-._.js:8891:186)
    at performSyncWorkOnRoot (http://localhost:3010/_next/static/chunks/node_modules_next_dist_compiled_react-dom_096_9a-._.js:10093:9)
    at flushSyncWorkAcrossRoots_impl (http://localhost:3010/_next/static/chunks/node_modules_next_dist_compiled_react-dom_096_9a-._.js:10009:316)
    at processRootScheduleInMicrotask (http://localhost:3010/_next/static/chunks/node_modules_next_dist_compiled_react-dom_096_9a-._.js:10030:106)
    at http://localhost:3010/_next/static/chunks/node_modules_next_dist_compiled_react-dom_096_9a-._.js:10104:158 @ http://localhost:3010/_next/static/chunks/node_modules_next_dist_1e8vcs8._.js:1052
[   38102ms] [ERROR] IntlError: MISSING_MESSAGE: Could not resolve `Admin.description` in messages for locale `en`.
    at getFallbackFromErrorAndNotify (http://localhost:3010/_next/static/chunks/node_modules_113n4rh._.js:5674:23)
    at translateBaseFn (http://localhost:3010/_next/static/chunks/node_modules_113n4rh._.js:5704:28)
    at translateFn (http://localhost:3010/_next/static/chunks/node_modules_113n4rh._.js:5732:24)
    at ServiceFormDialog (http://localhost:3010/_next/static/chunks/src_0i2r-z0._.js:907:32)
    at Object.react_stack_bottom_frame (http://localhost:3010/_next/static/chunks/node_modules_next_dist_compiled_react-dom_096_9a-._.js:14894:24)
    at renderWithHooksAgain (http://localhost:3010/_next/static/chunks/node_modules_next_dist_compiled_react-dom_096_9a-._.js:4480:24)
    at renderWithHooks (http://localhost:3010/_next/static/chunks/node_modules_next_dist_compiled_react-dom_096_9a-._.js:4431:28)
    at updateFunctionComponent (http://localhost:3010/_next/static/chunks/node_modules_next_dist_compiled_react-dom_096_9a-._.js:5892:21)
    at beginWork (http://localhost:3010/_next/static/chunks/node_modules_next_dist_compiled_react-dom_096_9a-._.js:6518:24)
    at runWithFiberInDEV (http://localhost:3010/_next/static/chunks/node_modules_next_dist_compiled_react-dom_096_9a-._.js:761:74)
    at performUnitOfWork (http://localhost:3010/_next/static/chunks/node_modules_next_dist_compiled_react-dom_096_9a-._.js:9385:97)
    at workLoopSync (http://localhost:3010/_next/static/chunks/node_modules_next_dist_compiled_react-dom_096_9a-._.js:9279:40)
    at renderRootSync (http://localhost:3010/_next/static/chunks/node_modules_next_dist_compiled_react-dom_096_9a-._.js:9263:13)
    at performWorkOnRoot (http://localhost:3010/_next/static/chunks/node_modules_next_dist_compiled_react-dom_096_9a-._.js:8891:186)
    at performSyncWorkOnRoot (http://localhost:3010/_next/static/chunks/node_modules_next_dist_compiled_react-dom_096_9a-._.js:10093:9)
    at flushSyncWorkAcrossRoots_impl (http://localhost:3010/_next/static/chunks/node_modules_next_dist_compiled_react-dom_096_9a-._.js:10009:316)
    at processRootScheduleInMicrotask (http://localhost:3010/_next/static/chunks/node_modules_next_dist_compiled_react-dom_096_9a-._.js:10030:106)
    at http://localhost:3010/_next/static/chunks/node_modules_next_dist_compiled_react-dom_096_9a-._.js:10104:158 @ http://localhost:3010/_next/static/chunks/node_modules_next_dist_1e8vcs8._.js:1052
